To honour the JVM settings for this build a single-use Daemon process will be forked. For more on this, please refer to https://docs.gradle.org/9.7.1/userguide/gradle_daemon.html#sec:disabling_the_daemon in the Gradle documentation.
Daemon will be stopped at the end of the build 

> Task :ai-knowledge-extractor:core:compileJava
Note: Some input files use unchecked or unsafe operations.
Note: Recompile with -Xlint:unchecked for details.

> Task :ai-knowledge-extractor:gradle-plugin:compileJava
> Task :ai-knowledge-extractor:gradle-plugin:pluginDescriptors
> Task :ai-knowledge-extractor:gradle-plugin:processResources
> Task :ai-knowledge-extractor:gradle-plugin:classes
> Task :ai-knowledge-extractor:gradle-plugin:jar
> Task :ai-knowledge-extractor:core:processResources
> Task :ai-knowledge-extractor:core:classes
> Task :ai-knowledge-extractor:core:jar
> Task :ai-knowledge-verification:aiKnowledgeCheck
> Task :ai-knowledge-verification:verifyAiKnowledgeArtifacts

> Task :ai-knowledge-verification:verifyAiKnowledgeCoverageControls
........
----------------------------------------------------------------------
Ran 8 tests in 0.018s

OK

> Task :ai-knowledge-verification:verifyRegelsucheAiKnowledgeArtifacts
AI knowledge artifacts passed required-file, evidence and schema-v3 and semantic capability-coverage checks.

> Task :ai-knowledge-verification:verifyComplexityHotspots
complexityHotspotStatus=PASSED
complexityHotspotCount=17

> Task :ai-knowledge-verification:verifyRegelsucheAiKnowledgeLifecycle
> Task :aiKnowledgeCheck

[Incubating] Problems report is available at: file:///workspace/scratch/7ff736a22947/p04-p03-predecessor-ai-evidence-source/build/reports/problems/problems-report.html

BUILD SUCCESSFUL in 1m 26s
12 actionable tasks: 12 executed
