Picked up JAVA_TOOL_OPTIONS: -Djava.net.preferIPv4Stack=true -Dhttp.proxyHost=127.0.0.1 -Dhttp.proxyPort=40647 -Dhttps.proxyHost=127.0.0.1 -Dhttps.proxyPort=40647 -Dhttp.nonProxyHosts=localhost|127.* -Djavax.net.ssl.trustStore=/etc/ssl/certs/java/cacerts
To honour the JVM settings for this build a single-use Daemon process will be forked. For more on this, please refer to https://docs.gradle.org/9.7.1/userguide/gradle_daemon.html#sec:disabling_the_daemon in the Gradle documentation.
Daemon will be stopped at the end of the build 
> Task :ai-knowledge-extractor:core:compileJava UP-TO-DATE
> Task :ai-knowledge-extractor:gradle-plugin:compileJava UP-TO-DATE
> Task :ai-knowledge-extractor:gradle-plugin:pluginDescriptors UP-TO-DATE
> Task :ai-knowledge-extractor:gradle-plugin:processResources UP-TO-DATE
> Task :ai-knowledge-extractor:gradle-plugin:classes UP-TO-DATE
> Task :ai-knowledge-extractor:gradle-plugin:jar UP-TO-DATE
> Task :ai-knowledge-extractor:core:processResources UP-TO-DATE
> Task :ai-knowledge-extractor:core:classes UP-TO-DATE
> Task :ai-knowledge-extractor:core:jar UP-TO-DATE
> Task :ai-knowledge-verification:aiKnowledgeCheck
> Task :ai-knowledge-verification:verifyAiKnowledgeArtifacts

> Task :ai-knowledge-verification:verifyRegelsucheAiKnowledgeArtifacts
AI knowledge artifacts passed required-file, evidence and schema-v3 capability-context checks.

> Task :ai-knowledge-verification:verifyComplexityHotspots
complexityHotspotStatus=PASSED
complexityHotspotCount=16

> Task :ai-knowledge-verification:verifyRegelsucheAiKnowledgeLifecycle
> Task :aiKnowledgeCheck

Deprecated Gradle features were used in this build, making it incompatible with Gradle 10.

You can use '--warning-mode all' to show the individual deprecation warnings and determine if they come from your own scripts or plugins.

For more on this, please refer to https://docs.gradle.org/9.7.1/userguide/command_line_interface.html#sec:command_line_warnings in the Gradle documentation.

BUILD SUCCESSFUL in 13s
11 actionable tasks: 4 executed, 7 up-to-date
