To honour the JVM settings for this build a single-use Daemon process will be forked. For more on this, please refer to https://docs.gradle.org/9.7.0/userguide/gradle_daemon.html#sec:disabling_the_daemon in the Gradle documentation.
Daemon will be stopped at the end of the build 
> Task :regelsuche-core:compileJava
> Task :regelsuche-core:processResources
> Task :regelsuche-core:classes
> Task :regelsuche-core:jar
> Task :regelsuche-core:compileTestJava
> Task :regelsuche-core:processTestResources
> Task :regelsuche-core:testClasses
> Task :regelsuche-core:test
> Task :regelsuche-egraph:compileJava
> Task :regelsuche-core:jacocoTestReport
> Task :regelsuche-search:compileJava
> Task :regelsuche-search:processResources NO-SOURCE
> Task :regelsuche-search:classes
> Task :regelsuche-search:jar
> Task :regelsuche-egraph:processResources NO-SOURCE
> Task :regelsuche-egraph:classes
> Task :regelsuche-egraph:jar
> Task :regelsuche-search:compileTestJava
> Task :regelsuche-search:processTestResources NO-SOURCE
> Task :regelsuche-search:testClasses
> Task :regelsuche-search:test
> Task :regelsuche-validation:compileJava
> Task :regelsuche-search:jacocoTestReport
> Task :regelsuche-discovery:compileJava
> Task :regelsuche-discovery:processResources
> Task :regelsuche-discovery:classes
> Task :regelsuche-discovery:compileTestJava
> Task :regelsuche-discovery:processTestResources NO-SOURCE
> Task :regelsuche-discovery:testClasses
> Task :regelsuche-validation:processResources NO-SOURCE
> Task :regelsuche-validation:classes
> Task :regelsuche-validation:jar
> Task :regelsuche-discovery:test
> Task :regelsuche-discovery:jacocoTestReport
> Task :regelsuche-discovery:generateTargetFreeRepresentationEvaluationPlan
gradle/actions: Writing build results to /home/runner/work/_temp/.gradle-actions/build-results/__run-1787161535822.json

BUILD SUCCESSFUL in 37s
22 actionable tasks: 22 executed
