To honour the JVM settings for this build a single-use Daemon process will be forked. For more on this, please refer to https://docs.gradle.org/9.7.0/userguide/gradle_daemon.html#sec:disabling_the_daemon in the Gradle documentation.
Daemon will be stopped at the end of the build 
Calculating task graph as no cached configuration is available for tasks: :regelsuche-core:test --tests de.regelsuche.knowledge.KnowledgePackRegistryTest :regelsuche-search:test --tests de.regelsuche.search.strategy.SearchStrategyTest :regelsuche-discovery:test --tests de.regelsuche.discovery.representation.TargetFreeRepresentationEvaluationPlanTest :regelsuche-discovery:generateTargetFreeRepresentationEvaluationPlan
> Task :regelsuche-search:processResources NO-SOURCE
> Task :regelsuche-egraph:processResources NO-SOURCE
> Task :regelsuche-search:processTestResources NO-SOURCE
> Task :regelsuche-core:processResources
> Task :regelsuche-discovery:processResources
> Task :regelsuche-core:processTestResources
> Task :regelsuche-validation:processResources NO-SOURCE
> Task :regelsuche-discovery:processTestResources NO-SOURCE
> Task :regelsuche-core:compileJava
> Task :regelsuche-core:classes
> Task :regelsuche-core:jar
> Task :regelsuche-egraph:compileJava
> Task :regelsuche-egraph:classes
> Task :regelsuche-egraph:jar
> Task :regelsuche-validation:compileJava
> Task :regelsuche-validation:classes
> Task :regelsuche-validation:jar
> Task :regelsuche-core:compileTestJava
> Task :regelsuche-core:testClasses
> Task :regelsuche-search:compileJava
> Task :regelsuche-search:classes
> Task :regelsuche-search:jar
> Task :regelsuche-search:compileTestJava
> Task :regelsuche-search:testClasses
> Task :regelsuche-discovery:compileJava
> Task :regelsuche-discovery:classes
> Task :regelsuche-discovery:compileTestJava
> Task :regelsuche-discovery:testClasses

> Task :regelsuche-discovery:generateTargetFreeRepresentationEvaluationPlan
targetFreeRepresentationEvaluationPlanHash=sha256:b2db3e7dcde7f2772573d3740a7454d742b7455de148100326962a43adc42557
targetFreeRepresentationEvaluationConfigurations=24

> Task :regelsuche-core:test
> Task :regelsuche-search:test
> Task :regelsuche-search:jacocoTestReport
> Task :regelsuche-core:jacocoTestReport
> Task :regelsuche-discovery:test
> Task :regelsuche-discovery:jacocoTestReport
gradle/actions: Writing build results to /home/runner/work/_temp/.gradle-actions/build-results/__run_2-1787109871794.json

BUILD SUCCESSFUL in 38s
22 actionable tasks: 22 executed
Configuration cache entry stored.
